src/api/v1/routes/sprints.ts(248,17): error TS2322: Type '{ votingRounds: { roundNumber: number; votes: IVotingRecord[]; average?: number; agreement?: number; finalPoints?: number; finalTimeEstimate?: string; revealedAt?: Date; updatedInJira: boolean; }[]; ... 6 more ...; currentPoints: any; }' is not assignable to type 'ITicket'.
  Types of property 'assignee' are incompatible.
    Type '{ accountId: any; displayName: any; } | null' is not assignable to type '{ accountId: string; displayName: string; } | undefined'.
      Type 'null' is not assignable to type '{ accountId: string; displayName: string; } | undefined'.
src/api/v1/routes/sprints.ts(253,37): error TS2345: Argument of type '{ issueKey: any; summary: any; description: any; issueType: any; jiraUrl: any; assignee: { accountId: any; displayName: any; } | null; currentPoints: any; votingRounds: never[]; }' is not assignable to parameter of type 'ITicket'.
  Types of property 'assignee' are incompatible.
    Type '{ accountId: any; displayName: any; } | null' is not assignable to type '{ accountId: string; displayName: string; } | undefined'.
      Type 'null' is not assignable to type '{ accountId: string; displayName: string; } | undefined'.
src/dev-scripts/verify-jira.ts(2,8): error TS1192: Module '"C:/Users/z004whwe/.gemini/antigravity/scratch/scrum-poker/server/src/services/JiraService"' has no default export.
src/routes/jira.ts(2,8): error TS1192: Module '"C:/Users/z004whwe/.gemini/antigravity/scratch/scrum-poker/server/src/services/JiraService"' has no default export.
